⚠ [928/933] Replayed TMTapeToNumber.BinaryStepSequences.Lemmas
warning: TMTapeToNumber/BinaryStepSequences/Lemmas.lean:592:6: declaration uses 'sorry'
warning: TMTapeToNumber/BinaryStepSequences/Lemmas.lean:863:6: declaration uses 'sorry'
warning: TMTapeToNumber/BinaryStepSequences/Lemmas.lean:1377:6: declaration uses 'sorry'
warning: TMTapeToNumber/BinaryStepSequences/Lemmas.lean:1624:6: declaration uses 'sorry'
warning: TMTapeToNumber/BinaryStepSequences/Lemmas.lean:1721:6: declaration uses 'sorry'
warning: TMTapeToNumber/BinaryStepSequences/Lemmas.lean:1858:6: declaration uses 'sorry'
warning: TMTapeToNumber/BinaryStepSequences/Lemmas.lean:1988:6: declaration uses 'sorry'
warning: TMTapeToNumber/BinaryStepSequences/Lemmas.lean:2112:6: declaration uses 'sorry'
⚠ [929/933] Replayed TMTapeToNumber.BinaryStepSequences.Theorems
warning: TMTapeToNumber/BinaryStepSequences/Theorems.lean:346:8: declaration uses 'sorry'
Build completed successfully.
